{
  "version": "1.5.0",
  "plugins_used": [
    {
      "name": "ArtifactoryDetector"
    },
    {
      "name": "AWSKeyDetector"
    },
    {
      "name": "AzureStorageKeyDetector"
    },
    {
      "name": "Base64HighEntropyString",
      "limit": 4.5
    },
    {
      "name": "BasicAuthDetector"
    },
    {
      "name": "CloudantDetector"
    },
    {
      "name": "DiscordBotTokenDetector"
    },
    {
      "name": "GitHubTokenDetector"
    },
    {
      "name": "GitLabTokenDetector"
    },
    {
      "name": "HexHighEntropyString",
      "limit": 3.0
    },
    {
      "name": "IbmCloudIamDetector"
    },
    {
      "name": "IbmCosHmacDetector"
    },
    {
      "name": "IPPublicDetector"
    },
    {
      "name": "JwtTokenDetector"
    },
    {
      "name": "KeywordDetector",
      "keyword_exclude": ""
    },
    {
      "name": "MailchimpDetector"
    },
    {
      "name": "NpmDetector"
    },
    {
      "name": "OpenAIDetector"
    },
    {
      "name": "PrivateKeyDetector"
    },
    {
      "name": "PypiTokenDetector"
    },
    {
      "name": "SendGridDetector"
    },
    {
      "name": "SlackDetector"
    },
    {
      "name": "SoftlayerDetector"
    },
    {
      "name": "SquareOAuthDetector"
    },
    {
      "name": "StripeDetector"
    },
    {
      "name": "TelegramBotTokenDetector"
    },
    {
      "name": "TwilioKeyDetector"
    }
  ],
  "filters_used": [
    {
      "path": "detect_secrets.filters.allowlist.is_line_allowlisted"
    },
    {
      "path": "detect_secrets.filters.common.is_ignored_due_to_verification_policies",
      "min_level": 2
    },
    {
      "path": "detect_secrets.filters.heuristic.is_indirect_reference"
    },
    {
      "path": "detect_secrets.filters.heuristic.is_likely_id_string"
    },
    {
      "path": "detect_secrets.filters.heuristic.is_lock_file"
    },
    {
      "path": "detect_secrets.filters.heuristic.is_not_alphanumeric_string"
    },
    {
      "path": "detect_secrets.filters.heuristic.is_potential_uuid"
    },
    {
      "path": "detect_secrets.filters.heuristic.is_prefixed_with_dollar_sign"
    },
    {
      "path": "detect_secrets.filters.heuristic.is_sequential_string"
    },
    {
      "path": "detect_secrets.filters.heuristic.is_swagger_file"
    },
    {
      "path": "detect_secrets.filters.heuristic.is_templated_secret"
    }
  ],
  "results": {
    ".pytest_cache/CACHEDIR.TAG": [
      {
        "type": "Hex High Entropy String",
        "filename": ".pytest_cache/CACHEDIR.TAG",
        "hashed_secret": "e8f8c345877b2411a59897798e422b15b0c16d76",
        "is_verified": false,
        "line_number": 1
      }
    ],
    ".ruff_cache/CACHEDIR.TAG": [
      {
        "type": "Hex High Entropy String",
        "filename": ".ruff_cache/CACHEDIR.TAG",
        "hashed_secret": "e8f8c345877b2411a59897798e422b15b0c16d76",
        "is_verified": false,
        "line_number": 1
      }
    ],
    ".venv/lib/python3.14/site-packages/detect_secrets-1.5.0.dist-info/entry_points.txt": [
      {
        "type": "Secret Keyword",
        "filename": ".venv/lib/python3.14/site-packages/detect_secrets-1.5.0.dist-info/entry_points.txt",
        "hashed_secret": "a55cc495941ba0f382d3090386f5e07e63ef423d",
        "is_verified": false,
        "line_number": 2
      }
    ],
    ".venv/lib/python3.14/site-packages/detect_secrets/core/potential_secret.py": [
      {
        "type": "Secret Keyword",
        "filename": ".venv/lib/python3.14/site-packages/detect_secrets/core/potential_secret.py",
        "hashed_secret": "522bb49471c191584acd7dc2ceb42c03ca384a56",
        "is_verified": false,
        "line_number": 80
      }
    ],
    ".venv/lib/python3.14/site-packages/detect_secrets/main.py": [
      {
        "type": "Secret Keyword",
        "filename": ".venv/lib/python3.14/site-packages/detect_secrets/main.py",
        "hashed_secret": "97cdbdc7feff827efb082a6b6dd2727237cd49fd",
        "is_verified": false,
        "line_number": 96
      }
    ],
    ".venv/lib/python3.14/site-packages/detect_secrets/plugins/artifactory.py": [
      {
        "type": "Secret Keyword",
        "filename": ".venv/lib/python3.14/site-packages/detect_secrets/plugins/artifactory.py",
        "hashed_secret": "4825f8a411ba7cf9879a5f20331cab599299461a",
        "is_verified": false,
        "line_number": 8
      }
    ],
    ".venv/lib/python3.14/site-packages/detect_secrets/plugins/aws.py": [
      {
        "type": "Secret Keyword",
        "filename": ".venv/lib/python3.14/site-packages/detect_secrets/plugins/aws.py",
        "hashed_secret": "f2c45c60a2b1d2e8be265ff4b81faff4b90ac37d",
        "is_verified": false,
        "line_number": 23
      }
    ],
    ".venv/lib/python3.14/site-packages/detect_secrets/plugins/azure_storage_key.py": [
      {
        "type": "Secret Keyword",
        "filename": ".venv/lib/python3.14/site-packages/detect_secrets/plugins/azure_storage_key.py",
        "hashed_secret": "b80344e49f04ffacb0e65b37348bf05cf6435d28",
        "is_verified": false,
        "line_number": 11
      }
    ],
    ".venv/lib/python3.14/site-packages/detect_secrets/plugins/base.py": [
      {
        "type": "Secret Keyword",
        "filename": ".venv/lib/python3.14/site-packages/detect_secrets/plugins/base.py",
        "hashed_secret": "0beec7b5ea3f0fdbc95d0dd47f3c5bc275da8a33",
        "is_verified": false,
        "line_number": 156
      }
    ],
    ".venv/lib/python3.14/site-packages/detect_secrets/plugins/basic_auth.py": [
      {
        "type": "Secret Keyword",
        "filename": ".venv/lib/python3.14/site-packages/detect_secrets/plugins/basic_auth.py",
        "hashed_secret": "37b12e79df06e491c18cfe099eaf8aca6eae297c",
        "is_verified": false,
        "line_number": 17
      }
    ],
    ".venv/lib/python3.14/site-packages/detect_secrets/plugins/cloudant.py": [
      {
        "type": "Secret Keyword",
        "filename": ".venv/lib/python3.14/site-packages/detect_secrets/plugins/cloudant.py",
        "hashed_secret": "4010fd1234708a61d161d124b0cd8e0a79e9786a",
        "is_verified": false,
        "line_number": 14
      }
    ],
    ".venv/lib/python3.14/site-packages/detect_secrets/plugins/discord.py": [
      {
        "type": "Secret Keyword",
        "filename": ".venv/lib/python3.14/site-packages/detect_secrets/plugins/discord.py",
        "hashed_secret": "80e2bc3729001eef2f5b8e6bdf1632ed394aa8af",
        "is_verified": false,
        "line_number": 11
      }
    ],
    ".venv/lib/python3.14/site-packages/detect_secrets/plugins/github_token.py": [
      {
        "type": "Secret Keyword",
        "filename": ".venv/lib/python3.14/site-packages/detect_secrets/plugins/github_token.py",
        "hashed_secret": "677cedf7877737a2cb84fa055fb71200a93bd9ad",
        "is_verified": false,
        "line_number": 11
      }
    ],
    ".venv/lib/python3.14/site-packages/detect_secrets/plugins/gitlab_token.py": [
      {
        "type": "Secret Keyword",
        "filename": ".venv/lib/python3.14/site-packages/detect_secrets/plugins/gitlab_token.py",
        "hashed_secret": "ff9238b5782acd2176d54becea530127aeb3d8fe",
        "is_verified": false,
        "line_number": 12
      }
    ],
    ".venv/lib/python3.14/site-packages/detect_secrets/plugins/high_entropy_strings.py": [
      {
        "type": "Secret Keyword",
        "filename": ".venv/lib/python3.14/site-packages/detect_secrets/plugins/high_entropy_strings.py",
        "hashed_secret": "6fe31bb7eab1420120775f24ab313c585e5a0115",
        "is_verified": false,
        "line_number": 142
      },
      {
        "type": "Secret Keyword",
        "filename": ".venv/lib/python3.14/site-packages/detect_secrets/plugins/high_entropy_strings.py",
        "hashed_secret": "2fd896385ddd0129c48bc014dc662af63082d200",
        "is_verified": false,
        "line_number": 160
      }
    ],
    ".venv/lib/python3.14/site-packages/detect_secrets/plugins/ibm_cloud_iam.py": [
      {
        "type": "Secret Keyword",
        "filename": ".venv/lib/python3.14/site-packages/detect_secrets/plugins/ibm_cloud_iam.py",
        "hashed_secret": "bc5d769a55d08aa6f3ed3f167c058ec35376fec0",
        "is_verified": false,
        "line_number": 12
      }
    ],
    ".venv/lib/python3.14/site-packages/detect_secrets/plugins/ibm_cos_hmac.py": [
      {
        "type": "Secret Keyword",
        "filename": ".venv/lib/python3.14/site-packages/detect_secrets/plugins/ibm_cos_hmac.py",
        "hashed_secret": "5ac3c034e6f3a896546359d21cb309575717f05b",
        "is_verified": false,
        "line_number": 21
      }
    ],
    ".venv/lib/python3.14/site-packages/detect_secrets/plugins/ip_public.py": [
      {
        "type": "Secret Keyword",
        "filename": ".venv/lib/python3.14/site-packages/detect_secrets/plugins/ip_public.py",
        "hashed_secret": "0b1f769a9e28e054d7df348c98b0cba1917febb4",
        "is_verified": false,
        "line_number": 19
      }
    ],
    ".venv/lib/python3.14/site-packages/detect_secrets/plugins/jwt.py": [
      {
        "type": "Secret Keyword",
        "filename": ".venv/lib/python3.14/site-packages/detect_secrets/plugins/jwt.py",
        "hashed_secret": "932ca321c659a3b97ee2611d4c44ec5f65e2aa9c",
        "is_verified": false,
        "line_number": 14
      }
    ],
    ".venv/lib/python3.14/site-packages/detect_secrets/plugins/keyword.py": [
      {
        "type": "Secret Keyword",
        "filename": ".venv/lib/python3.14/site-packages/detect_secrets/plugins/keyword.py",
        "hashed_secret": "f32b67c7e26342af42efabc674d441dca0a281c5",
        "is_verified": false,
        "line_number": 67
      },
      {
        "type": "Secret Keyword",
        "filename": ".venv/lib/python3.14/site-packages/detect_secrets/plugins/keyword.py",
        "hashed_secret": "0beec7b5ea3f0fdbc95d0dd47f3c5bc275da8a33",
        "is_verified": false,
        "line_number": 122
      },
      {
        "type": "Secret Keyword",
        "filename": ".venv/lib/python3.14/site-packages/detect_secrets/plugins/keyword.py",
        "hashed_secret": "62cdb7020ff920e5aa642c3d4066950dd1f01f4d",
        "is_verified": false,
        "line_number": 133
      },
      {
        "type": "Secret Keyword",
        "filename": ".venv/lib/python3.14/site-packages/detect_secrets/plugins/keyword.py",
        "hashed_secret": "1af17e73721dbe0c40011b82ed4bb1a7dbe3ce29",
        "is_verified": false,
        "line_number": 196
      },
      {
        "type": "Secret Keyword",
        "filename": ".venv/lib/python3.14/site-packages/detect_secrets/plugins/keyword.py",
        "hashed_secret": "f9b72e805000a5ea310939e167b6b1c2888125f7",
        "is_verified": false,
        "line_number": 269
      }
    ],
    ".venv/lib/python3.14/site-packages/detect_secrets/plugins/mailchimp.py": [
      {
        "type": "Secret Keyword",
        "filename": ".venv/lib/python3.14/site-packages/detect_secrets/plugins/mailchimp.py",
        "hashed_secret": "35903c2a33d34d4cd19835ee9493a65fc1a7e4bc",
        "is_verified": false,
        "line_number": 15
      }
    ],
    ".venv/lib/python3.14/site-packages/detect_secrets/plugins/npm.py": [
      {
        "type": "Secret Keyword",
        "filename": ".venv/lib/python3.14/site-packages/detect_secrets/plugins/npm.py",
        "hashed_secret": "91f845de51016327363f57d22da2466cbc652314",
        "is_verified": false,
        "line_number": 11
      }
    ],
    ".venv/lib/python3.14/site-packages/detect_secrets/plugins/openai.py": [
      {
        "type": "Secret Keyword",
        "filename": ".venv/lib/python3.14/site-packages/detect_secrets/plugins/openai.py",
        "hashed_secret": "660b79d7d79f4aaa174580076ef6e079b8a81914",
        "is_verified": false,
        "line_number": 11
      }
    ],
    ".venv/lib/python3.14/site-packages/detect_secrets/plugins/private_key.py": [
      {
        "type": "Secret Keyword",
        "filename": ".venv/lib/python3.14/site-packages/detect_secrets/plugins/private_key.py",
        "hashed_secret": "ade5ddaf2557ee93225fc565adbfe1ade3bae3a0",
        "is_verified": false,
        "line_number": 40
      },
      {
        "type": "Private Key",
        "filename": ".venv/lib/python3.14/site-packages/detect_secrets/plugins/private_key.py",
        "hashed_secret": "daefe0b4345a654580dcad25c7c11ff4c944a8c0",
        "is_verified": false,
        "line_number": 45
      },
      {
        "type": "Private Key",
        "filename": ".venv/lib/python3.14/site-packages/detect_secrets/plugins/private_key.py",
        "hashed_secret": "f0778f3e140a61d5bbbed5430773e52af2f5fba4",
        "is_verified": false,
        "line_number": 46
      },
      {
        "type": "Private Key",
        "filename": ".venv/lib/python3.14/site-packages/detect_secrets/plugins/private_key.py",
        "hashed_secret": "27c6929aef41ae2bcadac15ca6abcaff72cda9cd",
        "is_verified": false,
        "line_number": 47
      },
      {
        "type": "Private Key",
        "filename": ".venv/lib/python3.14/site-packages/detect_secrets/plugins/private_key.py",
        "hashed_secret": "4ada9713ec27066b2ffe0b7bd9c9c8d635dc4ab2",
        "is_verified": false,
        "line_number": 48
      },
      {
        "type": "Private Key",
        "filename": ".venv/lib/python3.14/site-packages/detect_secrets/plugins/private_key.py",
        "hashed_secret": "1348b145fa1a555461c1b790a2f66614781091e9",
        "is_verified": false,
        "line_number": 49
      },
      {
        "type": "Private Key",
        "filename": ".venv/lib/python3.14/site-packages/detect_secrets/plugins/private_key.py",
        "hashed_secret": "be4fc4886bd949b369d5e092eb87494f12e57e5b",
        "is_verified": false,
        "line_number": 50
      },
      {
        "type": "Private Key",
        "filename": ".venv/lib/python3.14/site-packages/detect_secrets/plugins/private_key.py",
        "hashed_secret": "9279619d0c9a9529b0b223e3b809f4df24b8ba8b",
        "is_verified": false,
        "line_number": 51
      },
      {
        "type": "Private Key",
        "filename": ".venv/lib/python3.14/site-packages/detect_secrets/plugins/private_key.py",
        "hashed_secret": "11200d1bf5e1eb358b5d823c443347d97e982a85",
        "is_verified": false,
        "line_number": 52
      }
    ],
    ".venv/lib/python3.14/site-packages/detect_secrets/plugins/pypi_token.py": [
      {
        "type": "Secret Keyword",
        "filename": ".venv/lib/python3.14/site-packages/detect_secrets/plugins/pypi_token.py",
        "hashed_secret": "9b42f32269056810ecc07889f4bc0f2f20afd427",
        "is_verified": false,
        "line_number": 11
      }
    ],
    ".venv/lib/python3.14/site-packages/detect_secrets/plugins/sendgrid.py": [
      {
        "type": "Secret Keyword",
        "filename": ".venv/lib/python3.14/site-packages/detect_secrets/plugins/sendgrid.py",
        "hashed_secret": "2c59a4461d825cb06039b5b4d3edf6b83dfac044",
        "is_verified": false,
        "line_number": 11
      }
    ],
    ".venv/lib/python3.14/site-packages/detect_secrets/plugins/slack.py": [
      {
        "type": "Secret Keyword",
        "filename": ".venv/lib/python3.14/site-packages/detect_secrets/plugins/slack.py",
        "hashed_secret": "f53d14b97c7cdfa2eaac4b240c8ff4876a47640a",
        "is_verified": false,
        "line_number": 17
      }
    ],
    ".venv/lib/python3.14/site-packages/detect_secrets/plugins/softlayer.py": [
      {
        "type": "Secret Keyword",
        "filename": ".venv/lib/python3.14/site-packages/detect_secrets/plugins/softlayer.py",
        "hashed_secret": "d5d8ace6d124d2522a81bfae43b01b5c905dc2b8",
        "is_verified": false,
        "line_number": 14
      }
    ],
    ".venv/lib/python3.14/site-packages/detect_secrets/plugins/square_oauth.py": [
      {
        "type": "Secret Keyword",
        "filename": ".venv/lib/python3.14/site-packages/detect_secrets/plugins/square_oauth.py",
        "hashed_secret": "cc357703e7cb9f49dabce90321937ace687b20f0",
        "is_verified": false,
        "line_number": 8
      }
    ],
    ".venv/lib/python3.14/site-packages/detect_secrets/plugins/stripe.py": [
      {
        "type": "Secret Keyword",
        "filename": ".venv/lib/python3.14/site-packages/detect_secrets/plugins/stripe.py",
        "hashed_secret": "b4685568c7c8d5d49451a187014711ebc75f70af",
        "is_verified": false,
        "line_number": 12
      }
    ],
    ".venv/lib/python3.14/site-packages/detect_secrets/plugins/telegram_token.py": [
      {
        "type": "Secret Keyword",
        "filename": ".venv/lib/python3.14/site-packages/detect_secrets/plugins/telegram_token.py",
        "hashed_secret": "abfd5b9f85b54e77c61438784d766292e3a7f46b",
        "is_verified": false,
        "line_number": 14
      }
    ],
    ".venv/lib/python3.14/site-packages/detect_secrets/plugins/twilio.py": [
      {
        "type": "Secret Keyword",
        "filename": ".venv/lib/python3.14/site-packages/detect_secrets/plugins/twilio.py",
        "hashed_secret": "688ecd55118006d5bad4cd43f4a26a98a06bec19",
        "is_verified": false,
        "line_number": 11
      },
      {
        "type": "Twilio API Key",
        "filename": ".venv/lib/python3.14/site-packages/detect_secrets/plugins/twilio.py",
        "hashed_secret": "3c7206eff845bc69cf12d904d0f95f9aec15535e",
        "is_verified": false,
        "line_number": 14
      },
      {
        "type": "Twilio API Key",
        "filename": ".venv/lib/python3.14/site-packages/detect_secrets/plugins/twilio.py",
        "hashed_secret": "34c2246140bc39b1fce81d9be2124f713a06bdaf",
        "is_verified": false,
        "line_number": 17
      }
    ],
    ".venv/lib/python3.14/site-packages/fakeredis/geo/geohash.py": [
      {
        "type": "Base64 High Entropy String",
        "filename": ".venv/lib/python3.14/site-packages/fakeredis/geo/geohash.py",
        "hashed_secret": "0455f57b5d085f130c60ee0256906252331beaab",
        "is_verified": false,
        "line_number": 6
      }
    ],
    ".venv/lib/python3.14/site-packages/httpx/_urls.py": [
      {
        "type": "Secret Keyword",
        "filename": ".venv/lib/python3.14/site-packages/httpx/_urls.py",
        "hashed_secret": "66b9e5aef98ced908e577140bccee56bcf4d29b9",
        "is_verified": false,
        "line_number": 21
      },
      {
        "type": "Basic Auth Credentials",
        "filename": ".venv/lib/python3.14/site-packages/httpx/_urls.py",
        "hashed_secret": "86efd7a4b462b1f97dc94b27c2860dc1bcbde38d",
        "is_verified": false,
        "line_number": 34
      }
    ],
    ".venv/lib/python3.14/site-packages/orjson-3.11.8.dist-info/METADATA": [
      {
        "type": "Secret Keyword",
        "filename": ".venv/lib/python3.14/site-packages/orjson-3.11.8.dist-info/METADATA",
        "hashed_secret": "a938dfdfbaa1f25ccbc39e16060f73c44e5ef0dd",
        "is_verified": false,
        "line_number": 461
      }
    ],
    ".venv/lib/python3.14/site-packages/orjson-3.11.8.dist-info/sboms/orjson.cyclonedx.json": [
      {
        "type": "Hex High Entropy String",
        "filename": ".venv/lib/python3.14/site-packages/orjson-3.11.8.dist-info/sboms/orjson.cyclonedx.json",
        "hashed_secret": "97288499215ced6d41bb2474fd042e2a68bae930",
        "is_verified": false,
        "line_number": 70
      },
      {
        "type": "Hex High Entropy String",
        "filename": ".venv/lib/python3.14/site-packages/orjson-3.11.8.dist-info/sboms/orjson.cyclonedx.json",
        "hashed_secret": "d49f854e3d49737afb6615c86fc4d15e631b0f6f",
        "is_verified": false,
        "line_number": 101
      },
      {
        "type": "Hex High Entropy String",
        "filename": ".venv/lib/python3.14/site-packages/orjson-3.11.8.dist-info/sboms/orjson.cyclonedx.json",
        "hashed_secret": "20af2a76b19cc7a1a93269f1e5f876f58bd266cc",
        "is_verified": false,
        "line_number": 128
      },
      {
        "type": "Hex High Entropy String",
        "filename": ".venv/lib/python3.14/site-packages/orjson-3.11.8.dist-info/sboms/orjson.cyclonedx.json",
        "hashed_secret": "d94d54c0e5f57f5aec720c010e3774f531de00c7",
        "is_verified": false,
        "line_number": 155
      },
      {
        "type": "Hex High Entropy String",
        "filename": ".venv/lib/python3.14/site-packages/orjson-3.11.8.dist-info/sboms/orjson.cyclonedx.json",
        "hashed_secret": "eac7344fb138e2bc70ec74dd15a52fe0c253887a",
        "is_verified": false,
        "line_number": 190
      },
      {
        "type": "Hex High Entropy String",
        "filename": ".venv/lib/python3.14/site-packages/orjson-3.11.8.dist-info/sboms/orjson.cyclonedx.json",
        "hashed_secret": "9a8080c4ab94ff4638506ba7e8102fb13d8331db",
        "is_verified": false,
        "line_number": 217
      },
      {
        "type": "Hex High Entropy String",
        "filename": ".venv/lib/python3.14/site-packages/orjson-3.11.8.dist-info/sboms/orjson.cyclonedx.json",
        "hashed_secret": "4d2c6fb73af42ea62f965535a82e83df5411d419",
        "is_verified": false,
        "line_number": 251
      },
      {
        "type": "Hex High Entropy String",
        "filename": ".venv/lib/python3.14/site-packages/orjson-3.11.8.dist-info/sboms/orjson.cyclonedx.json",
        "hashed_secret": "dc02a9de5e15472f3ab7614b78d04a3f9c42aa61",
        "is_verified": false,
        "line_number": 282
      },
      {
        "type": "Hex High Entropy String",
        "filename": ".venv/lib/python3.14/site-packages/orjson-3.11.8.dist-info/sboms/orjson.cyclonedx.json",
        "hashed_secret": "1c30d7350a4f8e186d6d500973dd176609fd3c25",
        "is_verified": false,
        "line_number": 313
      },
      {
        "type": "Hex High Entropy String",
        "filename": ".venv/lib/python3.14/site-packages/orjson-3.11.8.dist-info/sboms/orjson.cyclonedx.json",
        "hashed_secret": "eab6f8b7ce992ae33dd95e9752c4a81142e650b1",
        "is_verified": false,
        "line_number": 344
      },
      {
        "type": "Hex High Entropy String",
        "filename": ".venv/lib/python3.14/site-packages/orjson-3.11.8.dist-info/sboms/orjson.cyclonedx.json",
        "hashed_secret": "29cc4d113d2b819fd175fde15139a9047b4714ae",
        "is_verified": false,
        "line_number": 375
      },
      {
        "type": "Hex High Entropy String",
        "filename": ".venv/lib/python3.14/site-packages/orjson-3.11.8.dist-info/sboms/orjson.cyclonedx.json",
        "hashed_secret": "52174d432f72b603ab3aeb65e046d8842f64eba8",
        "is_verified": false,
        "line_number": 402
      },
      {
        "type": "Hex High Entropy String",
        "filename": ".venv/lib/python3.14/site-packages/orjson-3.11.8.dist-info/sboms/orjson.cyclonedx.json",
        "hashed_secret": "8a9cb0c2ce68a166b406c8788a7eb5942c9dcd82",
        "is_verified": false,
        "line_number": 437
      },
      {
        "type": "Hex High Entropy String",
        "filename": ".venv/lib/python3.14/site-packages/orjson-3.11.8.dist-info/sboms/orjson.cyclonedx.json",
        "hashed_secret": "9f45c3d9955af35039612741be99a94f2e719c26",
        "is_verified": false,
        "line_number": 468
      },
      {
        "type": "Hex High Entropy String",
        "filename": ".venv/lib/python3.14/site-packages/orjson-3.11.8.dist-info/sboms/orjson.cyclonedx.json",
        "hashed_secret": "6538f9a3e2204f918d5719f17a23367f4d2105c7",
        "is_verified": false,
        "line_number": 499
      },
      {
        "type": "Hex High Entropy String",
        "filename": ".venv/lib/python3.14/site-packages/orjson-3.11.8.dist-info/sboms/orjson.cyclonedx.json",
        "hashed_secret": "397e6f1ae7f26850afeb84f8fc86d442a23a5d39",
        "is_verified": false,
        "line_number": 530
      },
      {
        "type": "Hex High Entropy String",
        "filename": ".venv/lib/python3.14/site-packages/orjson-3.11.8.dist-info/sboms/orjson.cyclonedx.json",
        "hashed_secret": "13095d536a4a53c8d1e3461be1259680963bb20c",
        "is_verified": false,
        "line_number": 561
      },
      {
        "type": "Hex High Entropy String",
        "filename": ".venv/lib/python3.14/site-packages/orjson-3.11.8.dist-info/sboms/orjson.cyclonedx.json",
        "hashed_secret": "b4259ea178dd7cb0249df5d8feb7d13a2d6fd820",
        "is_verified": false,
        "line_number": 596
      },
      {
        "type": "Hex High Entropy String",
        "filename": ".venv/lib/python3.14/site-packages/orjson-3.11.8.dist-info/sboms/orjson.cyclonedx.json",
        "hashed_secret": "dd30e69b06fc9e7153b91d6152b47abee06bc76e",
        "is_verified": false,
        "line_number": 627
      },
      {
        "type": "Hex High Entropy String",
        "filename": ".venv/lib/python3.14/site-packages/orjson-3.11.8.dist-info/sboms/orjson.cyclonedx.json",
        "hashed_secret": "edea2c54c8d390fdfff6535d3da4fd1fdf17b62a",
        "is_verified": false,
        "line_number": 662
      },
      {
        "type": "Hex High Entropy String",
        "filename": ".venv/lib/python3.14/site-packages/orjson-3.11.8.dist-info/sboms/orjson.cyclonedx.json",
        "hashed_secret": "93658223830f17449a3b81a759279f8db378716a",
        "is_verified": false,
        "line_number": 697
      },
      {
        "type": "Hex High Entropy String",
        "filename": ".venv/lib/python3.14/site-packages/orjson-3.11.8.dist-info/sboms/orjson.cyclonedx.json",
        "hashed_secret": "8f48b5146d88920187ca1c8d1d52cd0b008f12de",
        "is_verified": false,
        "line_number": 728
      },
      {
        "type": "Hex High Entropy String",
        "filename": ".venv/lib/python3.14/site-packages/orjson-3.11.8.dist-info/sboms/orjson.cyclonedx.json",
        "hashed_secret": "24b32b49060e1afd7f7016900c68fedbb0f866dc",
        "is_verified": false,
        "line_number": 755
      },
      {
        "type": "Hex High Entropy String",
        "filename": ".venv/lib/python3.14/site-packages/orjson-3.11.8.dist-info/sboms/orjson.cyclonedx.json",
        "hashed_secret": "fed671d6a24626d6cf16f91b98f2b11ba736d095",
        "is_verified": false,
        "line_number": 790
      },
      {
        "type": "Hex High Entropy String",
        "filename": ".venv/lib/python3.14/site-packages/orjson-3.11.8.dist-info/sboms/orjson.cyclonedx.json",
        "hashed_secret": "d713c28bb4df4f085fe5021c9369a8f72c7bfaba",
        "is_verified": false,
        "line_number": 821
      },
      {
        "type": "Hex High Entropy String",
        "filename": ".venv/lib/python3.14/site-packages/orjson-3.11.8.dist-info/sboms/orjson.cyclonedx.json",
        "hashed_secret": "2cec7afe8f0f8f21d28f274299142cbbe949023c",
        "is_verified": false,
        "line_number": 852
      },
      {
        "type": "Hex High Entropy String",
        "filename": ".venv/lib/python3.14/site-packages/orjson-3.11.8.dist-info/sboms/orjson.cyclonedx.json",
        "hashed_secret": "cbd62b2fef0566cbd4adcae3c005b9fb1d23170d",
        "is_verified": false,
        "line_number": 883
      },
      {
        "type": "Hex High Entropy String",
        "filename": ".venv/lib/python3.14/site-packages/orjson-3.11.8.dist-info/sboms/orjson.cyclonedx.json",
        "hashed_secret": "f72ac148969748c507906190b024b8a99302fcae",
        "is_verified": false,
        "line_number": 914
      },
      {
        "type": "Hex High Entropy String",
        "filename": ".venv/lib/python3.14/site-packages/orjson-3.11.8.dist-info/sboms/orjson.cyclonedx.json",
        "hashed_secret": "94014c04a964970c30d309870f97ea5d8ea5bfd8",
        "is_verified": false,
        "line_number": 941
      }
    ],
    ".venv/lib/python3.14/site-packages/pip/_vendor/urllib3/util/url.py": [
      {
        "type": "Basic Auth Credentials",
        "filename": ".venv/lib/python3.14/site-packages/pip/_vendor/urllib3/util/url.py",
        "hashed_secret": "5baa61e4c9b93f3f0682250b6cf8331b7ee68fd8",
        "is_verified": false,
        "line_number": 148
      }
    ],
    ".venv/lib/python3.14/site-packages/pydantic/networks.py": [
      {
        "type": "Basic Auth Credentials",
        "filename": ".venv/lib/python3.14/site-packages/pydantic/networks.py",
        "hashed_secret": "9d4e1e23bd5b727046a9e3b4b7db57bd8d6ee684",
        "is_verified": false,
        "line_number": 137
      },
      {
        "type": "Secret Keyword",
        "filename": ".venv/lib/python3.14/site-packages/pydantic/networks.py",
        "hashed_secret": "62cdb7020ff920e5aa642c3d4066950dd1f01f4d",
        "is_verified": false,
        "line_number": 403
      }
    ],
    ".venv/lib/python3.14/site-packages/pydantic/types.py": [
      {
        "type": "Secret Keyword",
        "filename": ".venv/lib/python3.14/site-packages/pydantic/types.py",
        "hashed_secret": "45e1bd4d6c75a154fdfdc0a951ddfc12983885b3",
        "is_verified": false,
        "line_number": 1860
      },
      {
        "type": "Base64 High Entropy String",
        "filename": ".venv/lib/python3.14/site-packages/pydantic/types.py",
        "hashed_secret": "befba895abf49e14d21c1aee434c561647996707",
        "is_verified": false,
        "line_number": 2784
      }
    ],
    ".venv/lib/python3.14/site-packages/pydantic_core-2.46.3.dist-info/sboms/pydantic-core.cyclonedx.json": [
      {
        "type": "Hex High Entropy String",
        "filename": ".venv/lib/python3.14/site-packages/pydantic_core-2.46.3.dist-info/sboms/pydantic-core.cyclonedx.json",
        "hashed_secret": "a77570f6d2ba63ec2a96581d2a31d97319f7a86a",
        "is_verified": false,
        "line_number": 66
      },
      {
        "type": "Hex High Entropy String",
        "filename": ".venv/lib/python3.14/site-packages/pydantic_core-2.46.3.dist-info/sboms/pydantic-core.cyclonedx.json",
        "hashed_secret": "c6d4cdc1ee684c34a5774cf7c41ab5c5baa0e5be",
        "is_verified": false,
        "line_number": 97
      },
      {
        "type": "Hex High Entropy String",
        "filename": ".venv/lib/python3.14/site-packages/pydantic_core-2.46.3.dist-info/sboms/pydantic-core.cyclonedx.json",
        "hashed_secret": "fe7602b7b6d68988b860ca823223c229d3a2836c",
        "is_verified": false,
        "line_number": 128
      },
      {
        "type": "Hex High Entropy String",
        "filename": ".venv/lib/python3.14/site-packages/pydantic_core-2.46.3.dist-info/sboms/pydantic-core.cyclonedx.json",
        "hashed_secret": "f6d297a1cd0b63afb419188e2b21eb5a565cadbf",
        "is_verified": false,
        "line_number": 163
      },
      {
        "type": "Hex High Entropy String",
        "filename": ".venv/lib/python3.14/site-packages/pydantic_core-2.46.3.dist-info/sboms/pydantic-core.cyclonedx.json",
        "hashed_secret": "b25a21f1a0e2fc65dc90424e07d7210587e8b296",
        "is_verified": false,
        "line_number": 194
      },
      {
        "type": "Hex High Entropy String",
        "filename": ".venv/lib/python3.14/site-packages/pydantic_core-2.46.3.dist-info/sboms/pydantic-core.cyclonedx.json",
        "hashed_secret": "62fab635714b86d4e724d15ed01b552f0c2fc49e",
        "is_verified": false,
        "line_number": 225
      },
      {
        "type": "Hex High Entropy String",
        "filename": ".venv/lib/python3.14/site-packages/pydantic_core-2.46.3.dist-info/sboms/pydantic-core.cyclonedx.json",
        "hashed_secret": "a7716618bccb572eb8c19c5865cb7a15442676b5",
        "is_verified": false,
        "line_number": 259
      },
      {
        "type": "Hex High Entropy String",
        "filename": ".venv/lib/python3.14/site-packages/pydantic_core-2.46.3.dist-info/sboms/pydantic-core.cyclonedx.json",
        "hashed_secret": "424c05fae93af887376c769441ba3058977820b1",
        "is_verified": false,
        "line_number": 294
      },
      {
        "type": "Hex High Entropy String",
        "filename": ".venv/lib/python3.14/site-packages/pydantic_core-2.46.3.dist-info/sboms/pydantic-core.cyclonedx.json",
        "hashed_secret": "97715ebf6e019c1de58f04fb5224e2af6e67064d",
        "is_verified": false,
        "line_number": 325
      },
      {
        "type": "Hex High Entropy String",
        "filename": ".venv/lib/python3.14/site-packages/pydantic_core-2.46.3.dist-info/sboms/pydantic-core.cyclonedx.json",
        "hashed_secret": "b88bab88d649c4288c72708f97dad74a9160d438",
        "is_verified": false,
        "line_number": 360
      },
      {
        "type": "Hex High Entropy String",
        "filename": ".venv/lib/python3.14/site-packages/pydantic_core-2.46.3.dist-info/sboms/pydantic-core.cyclonedx.json",
        "hashed_secret": "8b80e3dbf214e8b5f42deaf56c671624fb8916a9",
        "is_verified": false,
        "line_number": 395
      },
      {
        "type": "Hex High Entropy String",
        "filename": ".venv/lib/python3.14/site-packages/pydantic_core-2.46.3.dist-info/sboms/pydantic-core.cyclonedx.json",
        "hashed_secret": "e001fe91f06c4e569205125b1e2457c21b288aff",
        "is_verified": false,
        "line_number": 430
      },
      {
        "type": "Hex High Entropy String",
        "filename": ".venv/lib/python3.14/site-packages/pydantic_core-2.46.3.dist-info/sboms/pydantic-core.cyclonedx.json",
        "hashed_secret": "e3423649a06049806d8883193ffa13f6488898ba",
        "is_verified": false,
        "line_number": 456
      },
      {
        "type": "Hex High Entropy String",
        "filename": ".venv/lib/python3.14/site-packages/pydantic_core-2.46.3.dist-info/sboms/pydantic-core.cyclonedx.json",
        "hashed_secret": "86da5e9365a3ef482778a65e036ece4d8c1696f2",
        "is_verified": false,
        "line_number": 483
      },
      {
        "type": "Hex High Entropy String",
        "filename": ".venv/lib/python3.14/site-packages/pydantic_core-2.46.3.dist-info/sboms/pydantic-core.cyclonedx.json",
        "hashed_secret": "5dd5a3b90a4aec184d6390d782a283adf53b87f9",
        "is_verified": false,
        "line_number": 510
      },
      {
        "type": "Hex High Entropy String",
        "filename": ".venv/lib/python3.14/site-packages/pydantic_core-2.46.3.dist-info/sboms/pydantic-core.cyclonedx.json",
        "hashed_secret": "fd94cbb007bfa3123550b060ef4a489e29974d42",
        "is_verified": false,
        "line_number": 537
      },
      {
        "type": "Hex High Entropy String",
        "filename": ".venv/lib/python3.14/site-packages/pydantic_core-2.46.3.dist-info/sboms/pydantic-core.cyclonedx.json",
        "hashed_secret": "b7ec6af39f0df9a8855c9eff29ad849347d8ce8c",
        "is_verified": false,
        "line_number": 568
      },
      {
        "type": "Hex High Entropy String",
        "filename": ".venv/lib/python3.14/site-packages/pydantic_core-2.46.3.dist-info/sboms/pydantic-core.cyclonedx.json",
        "hashed_secret": "f3d3c26ed24a648081ced9182bb1b19f7d78e68d",
        "is_verified": false,
        "line_number": 599
      },
      {
        "type": "Hex High Entropy String",
        "filename": ".venv/lib/python3.14/site-packages/pydantic_core-2.46.3.dist-info/sboms/pydantic-core.cyclonedx.json",
        "hashed_secret": "1d591d1374352e720051c9d3f7b1e2c5557d5fd6",
        "is_verified": false,
        "line_number": 625
      },
      {
        "type": "Hex High Entropy String",
        "filename": ".venv/lib/python3.14/site-packages/pydantic_core-2.46.3.dist-info/sboms/pydantic-core.cyclonedx.json",
        "hashed_secret": "68a67bcaa144d51990af130e25dffc0b491e99fb",
        "is_verified": false,
        "line_number": 652
      },
      {
        "type": "Hex High Entropy String",
        "filename": ".venv/lib/python3.14/site-packages/pydantic_core-2.46.3.dist-info/sboms/pydantic-core.cyclonedx.json",
        "hashed_secret": "5b1bbede1dbe1c57d2d70347ff02861339e8e8ae",
        "is_verified": false,
        "line_number": 683
      },
      {
        "type": "Hex High Entropy String",
        "filename": ".venv/lib/python3.14/site-packages/pydantic_core-2.46.3.dist-info/sboms/pydantic-core.cyclonedx.json",
        "hashed_secret": "07a26ee7de452bf6752f5f7a6391e37874b62af0",
        "is_verified": false,
        "line_number": 714
      },
      {
        "type": "Hex High Entropy String",
        "filename": ".venv/lib/python3.14/site-packages/pydantic_core-2.46.3.dist-info/sboms/pydantic-core.cyclonedx.json",
        "hashed_secret": "588b95992289757649796c9c91e24e15685d4770",
        "is_verified": false,
        "line_number": 745
      },
      {
        "type": "Hex High Entropy String",
        "filename": ".venv/lib/python3.14/site-packages/pydantic_core-2.46.3.dist-info/sboms/pydantic-core.cyclonedx.json",
        "hashed_secret": "eed70d0040f8c14be807a384130114e75bfecca5",
        "is_verified": false,
        "line_number": 776
      },
      {
        "type": "Hex High Entropy String",
        "filename": ".venv/lib/python3.14/site-packages/pydantic_core-2.46.3.dist-info/sboms/pydantic-core.cyclonedx.json",
        "hashed_secret": "c4fc872f7dddc45a39d9b8b5a75690fa77a40f3c",
        "is_verified": false,
        "line_number": 807
      },
      {
        "type": "Hex High Entropy String",
        "filename": ".venv/lib/python3.14/site-packages/pydantic_core-2.46.3.dist-info/sboms/pydantic-core.cyclonedx.json",
        "hashed_secret": "d6c5bb1528d26836a838bad6332ba91b2cf3914c",
        "is_verified": false,
        "line_number": 838
      },
      {
        "type": "Hex High Entropy String",
        "filename": ".venv/lib/python3.14/site-packages/pydantic_core-2.46.3.dist-info/sboms/pydantic-core.cyclonedx.json",
        "hashed_secret": "174b8fa22230bd96431f7fe8726cd67cd920b281",
        "is_verified": false,
        "line_number": 869
      },
      {
        "type": "Hex High Entropy String",
        "filename": ".venv/lib/python3.14/site-packages/pydantic_core-2.46.3.dist-info/sboms/pydantic-core.cyclonedx.json",
        "hashed_secret": "cf06364a82b5703fbd7ce3cea242faa922d3d824",
        "is_verified": false,
        "line_number": 900
      },
      {
        "type": "Hex High Entropy String",
        "filename": ".venv/lib/python3.14/site-packages/pydantic_core-2.46.3.dist-info/sboms/pydantic-core.cyclonedx.json",
        "hashed_secret": "7b18ffe20242fb25606bc348bf2f38363a343528",
        "is_verified": false,
        "line_number": 931
      },
      {
        "type": "Hex High Entropy String",
        "filename": ".venv/lib/python3.14/site-packages/pydantic_core-2.46.3.dist-info/sboms/pydantic-core.cyclonedx.json",
        "hashed_secret": "3eeb4537fee8a7b5e3821e7a96468d6e4382315a",
        "is_verified": false,
        "line_number": 962
      },
      {
        "type": "Hex High Entropy String",
        "filename": ".venv/lib/python3.14/site-packages/pydantic_core-2.46.3.dist-info/sboms/pydantic-core.cyclonedx.json",
        "hashed_secret": "3062e8c5ec47afaf7ba2ce1532e8e56c0af6ea8f",
        "is_verified": false,
        "line_number": 993
      },
      {
        "type": "Hex High Entropy String",
        "filename": ".venv/lib/python3.14/site-packages/pydantic_core-2.46.3.dist-info/sboms/pydantic-core.cyclonedx.json",
        "hashed_secret": "e1bc9c2ab3786e6f6e14441c7f59eb1caa1f1a2b",
        "is_verified": false,
        "line_number": 1020
      },
      {
        "type": "Hex High Entropy String",
        "filename": ".venv/lib/python3.14/site-packages/pydantic_core-2.46.3.dist-info/sboms/pydantic-core.cyclonedx.json",
        "hashed_secret": "81a5aa7cf7e519d9c9e16d00009c5cb1b64737b8",
        "is_verified": false,
        "line_number": 1055
      },
      {
        "type": "Hex High Entropy String",
        "filename": ".venv/lib/python3.14/site-packages/pydantic_core-2.46.3.dist-info/sboms/pydantic-core.cyclonedx.json",
        "hashed_secret": "1af3e720e476c09655fa8b06a5840b6b93749e33",
        "is_verified": false,
        "line_number": 1086
      },
      {
        "type": "Hex High Entropy String",
        "filename": ".venv/lib/python3.14/site-packages/pydantic_core-2.46.3.dist-info/sboms/pydantic-core.cyclonedx.json",
        "hashed_secret": "92eba289f942a99d227c0294992b3f638edcf28f",
        "is_verified": false,
        "line_number": 1117
      },
      {
        "type": "Hex High Entropy String",
        "filename": ".venv/lib/python3.14/site-packages/pydantic_core-2.46.3.dist-info/sboms/pydantic-core.cyclonedx.json",
        "hashed_secret": "7bce63e84b1ad85b3ee3f64646fa66524818d966",
        "is_verified": false,
        "line_number": 1152
      },
      {
        "type": "Hex High Entropy String",
        "filename": ".venv/lib/python3.14/site-packages/pydantic_core-2.46.3.dist-info/sboms/pydantic-core.cyclonedx.json",
        "hashed_secret": "f3844560db512d407626b7fc37a114edfc91b956",
        "is_verified": false,
        "line_number": 1179
      },
      {
        "type": "Hex High Entropy String",
        "filename": ".venv/lib/python3.14/site-packages/pydantic_core-2.46.3.dist-info/sboms/pydantic-core.cyclonedx.json",
        "hashed_secret": "26c6337e330747e6b4c08e04d08acc1cc783cb42",
        "is_verified": false,
        "line_number": 1206
      },
      {
        "type": "Hex High Entropy String",
        "filename": ".venv/lib/python3.14/site-packages/pydantic_core-2.46.3.dist-info/sboms/pydantic-core.cyclonedx.json",
        "hashed_secret": "166d46d4f0052bc5f0f86568320bc31c7a8ab849",
        "is_verified": false,
        "line_number": 1233
      },
      {
        "type": "Hex High Entropy String",
        "filename": ".venv/lib/python3.14/site-packages/pydantic_core-2.46.3.dist-info/sboms/pydantic-core.cyclonedx.json",
        "hashed_secret": "91171a223c29fe7729bfe7d0eef671cf37dd202f",
        "is_verified": false,
        "line_number": 1268
      },
      {
        "type": "Hex High Entropy String",
        "filename": ".venv/lib/python3.14/site-packages/pydantic_core-2.46.3.dist-info/sboms/pydantic-core.cyclonedx.json",
        "hashed_secret": "74b1103e8c252efb2b31bbfe409911bbcddca01a",
        "is_verified": false,
        "line_number": 1299
      },
      {
        "type": "Hex High Entropy String",
        "filename": ".venv/lib/python3.14/site-packages/pydantic_core-2.46.3.dist-info/sboms/pydantic-core.cyclonedx.json",
        "hashed_secret": "26cfaf3b906ac7b8bedabbce1d9f0a5cf4bd9171",
        "is_verified": false,
        "line_number": 1330
      },
      {
        "type": "Hex High Entropy String",
        "filename": ".venv/lib/python3.14/site-packages/pydantic_core-2.46.3.dist-info/sboms/pydantic-core.cyclonedx.json",
        "hashed_secret": "937bc22d50662d64b8144f8728f14500887aac91",
        "is_verified": false,
        "line_number": 1365
      },
      {
        "type": "Hex High Entropy String",
        "filename": ".venv/lib/python3.14/site-packages/pydantic_core-2.46.3.dist-info/sboms/pydantic-core.cyclonedx.json",
        "hashed_secret": "9f07d77e5781c78d5ccbce0d869c20816ce3211d",
        "is_verified": false,
        "line_number": 1400
      },
      {
        "type": "Hex High Entropy String",
        "filename": ".venv/lib/python3.14/site-packages/pydantic_core-2.46.3.dist-info/sboms/pydantic-core.cyclonedx.json",
        "hashed_secret": "12061f2ebc56b7c0d1167ed4ead1f4570bf89831",
        "is_verified": false,
        "line_number": 1435
      },
      {
        "type": "Hex High Entropy String",
        "filename": ".venv/lib/python3.14/site-packages/pydantic_core-2.46.3.dist-info/sboms/pydantic-core.cyclonedx.json",
        "hashed_secret": "ebbea2a8b6a37ded68465f81f315d4a23c27a8e8",
        "is_verified": false,
        "line_number": 1470
      },
      {
        "type": "Hex High Entropy String",
        "filename": ".venv/lib/python3.14/site-packages/pydantic_core-2.46.3.dist-info/sboms/pydantic-core.cyclonedx.json",
        "hashed_secret": "3558448508502aa5a344f39c803ec2665ee9e81b",
        "is_verified": false,
        "line_number": 1505
      },
      {
        "type": "Hex High Entropy String",
        "filename": ".venv/lib/python3.14/site-packages/pydantic_core-2.46.3.dist-info/sboms/pydantic-core.cyclonedx.json",
        "hashed_secret": "a02ff67f8e504e59af8eff72afb26fda27037a42",
        "is_verified": false,
        "line_number": 1536
      },
      {
        "type": "Hex High Entropy String",
        "filename": ".venv/lib/python3.14/site-packages/pydantic_core-2.46.3.dist-info/sboms/pydantic-core.cyclonedx.json",
        "hashed_secret": "68455d8fa9efe0f094a84fc78eec2022eceb94c5",
        "is_verified": false,
        "line_number": 1562
      },
      {
        "type": "Hex High Entropy String",
        "filename": ".venv/lib/python3.14/site-packages/pydantic_core-2.46.3.dist-info/sboms/pydantic-core.cyclonedx.json",
        "hashed_secret": "b26a763d0bdff5d451bd47b5afb719e780495b26",
        "is_verified": false,
        "line_number": 1589
      },
      {
        "type": "Hex High Entropy String",
        "filename": ".venv/lib/python3.14/site-packages/pydantic_core-2.46.3.dist-info/sboms/pydantic-core.cyclonedx.json",
        "hashed_secret": "319b6f747ec028b3525ae5bec2ebba58cd8dc39b",
        "is_verified": false,
        "line_number": 1620
      },
      {
        "type": "Hex High Entropy String",
        "filename": ".venv/lib/python3.14/site-packages/pydantic_core-2.46.3.dist-info/sboms/pydantic-core.cyclonedx.json",
        "hashed_secret": "ddeba3879a589e603db00d2570873066ee98f1f8",
        "is_verified": false,
        "line_number": 1651
      },
      {
        "type": "Hex High Entropy String",
        "filename": ".venv/lib/python3.14/site-packages/pydantic_core-2.46.3.dist-info/sboms/pydantic-core.cyclonedx.json",
        "hashed_secret": "3379170d56d05245abd5202361fb1221114af741",
        "is_verified": false,
        "line_number": 1686
      },
      {
        "type": "Hex High Entropy String",
        "filename": ".venv/lib/python3.14/site-packages/pydantic_core-2.46.3.dist-info/sboms/pydantic-core.cyclonedx.json",
        "hashed_secret": "6a699a3504ec559366d1cee0f6a38df666296907",
        "is_verified": false,
        "line_number": 1717
      },
      {
        "type": "Hex High Entropy String",
        "filename": ".venv/lib/python3.14/site-packages/pydantic_core-2.46.3.dist-info/sboms/pydantic-core.cyclonedx.json",
        "hashed_secret": "a47e32b50ef78591795499682eb2955ccb7b8db2",
        "is_verified": false,
        "line_number": 1748
      },
      {
        "type": "Hex High Entropy String",
        "filename": ".venv/lib/python3.14/site-packages/pydantic_core-2.46.3.dist-info/sboms/pydantic-core.cyclonedx.json",
        "hashed_secret": "6ef2660e327b43a9ab4dd60f2d0b9c138e719800",
        "is_verified": false,
        "line_number": 1783
      },
      {
        "type": "Hex High Entropy String",
        "filename": ".venv/lib/python3.14/site-packages/pydantic_core-2.46.3.dist-info/sboms/pydantic-core.cyclonedx.json",
        "hashed_secret": "9a2cdf6585922eea3346605d503aa1370139e781",
        "is_verified": false,
        "line_number": 1810
      },
      {
        "type": "Hex High Entropy String",
        "filename": ".venv/lib/python3.14/site-packages/pydantic_core-2.46.3.dist-info/sboms/pydantic-core.cyclonedx.json",
        "hashed_secret": "331d5c85ae6513763a06c36f5b03e1716727298e",
        "is_verified": false,
        "line_number": 1840
      },
      {
        "type": "Hex High Entropy String",
        "filename": ".venv/lib/python3.14/site-packages/pydantic_core-2.46.3.dist-info/sboms/pydantic-core.cyclonedx.json",
        "hashed_secret": "6561a90ffb0561a2182e1a43cfeb03eb79e6b8d4",
        "is_verified": false,
        "line_number": 1871
      },
      {
        "type": "Hex High Entropy String",
        "filename": ".venv/lib/python3.14/site-packages/pydantic_core-2.46.3.dist-info/sboms/pydantic-core.cyclonedx.json",
        "hashed_secret": "552950c744c5362410b24fe4a24e4621dec56209",
        "is_verified": false,
        "line_number": 1906
      },
      {
        "type": "Hex High Entropy String",
        "filename": ".venv/lib/python3.14/site-packages/pydantic_core-2.46.3.dist-info/sboms/pydantic-core.cyclonedx.json",
        "hashed_secret": "081be1a4ab32f3cc68d3abab5b390893a00b2917",
        "is_verified": false,
        "line_number": 1941
      },
      {
        "type": "Hex High Entropy String",
        "filename": ".venv/lib/python3.14/site-packages/pydantic_core-2.46.3.dist-info/sboms/pydantic-core.cyclonedx.json",
        "hashed_secret": "0675b70f52618de044d1d1703b6c8849b407c83a",
        "is_verified": false,
        "line_number": 1972
      },
      {
        "type": "Hex High Entropy String",
        "filename": ".venv/lib/python3.14/site-packages/pydantic_core-2.46.3.dist-info/sboms/pydantic-core.cyclonedx.json",
        "hashed_secret": "7f598c2905ac652cc4217f73bef14cab815b3285",
        "is_verified": false,
        "line_number": 2007
      },
      {
        "type": "Hex High Entropy String",
        "filename": ".venv/lib/python3.14/site-packages/pydantic_core-2.46.3.dist-info/sboms/pydantic-core.cyclonedx.json",
        "hashed_secret": "dd30e69b06fc9e7153b91d6152b47abee06bc76e",
        "is_verified": false,
        "line_number": 2038
      },
      {
        "type": "Hex High Entropy String",
        "filename": ".venv/lib/python3.14/site-packages/pydantic_core-2.46.3.dist-info/sboms/pydantic-core.cyclonedx.json",
        "hashed_secret": "edea2c54c8d390fdfff6535d3da4fd1fdf17b62a",
        "is_verified": false,
        "line_number": 2073
      },
      {
        "type": "Hex High Entropy String",
        "filename": ".venv/lib/python3.14/site-packages/pydantic_core-2.46.3.dist-info/sboms/pydantic-core.cyclonedx.json",
        "hashed_secret": "bfb212002ccc72caf73acbfb0a5bd6c1c2acaa42",
        "is_verified": false,
        "line_number": 2108
      },
      {
        "type": "Hex High Entropy String",
        "filename": ".venv/lib/python3.14/site-packages/pydantic_core-2.46.3.dist-info/sboms/pydantic-core.cyclonedx.json",
        "hashed_secret": "93658223830f17449a3b81a759279f8db378716a",
        "is_verified": false,
        "line_number": 2143
      },
      {
        "type": "Hex High Entropy String",
        "filename": ".venv/lib/python3.14/site-packages/pydantic_core-2.46.3.dist-info/sboms/pydantic-core.cyclonedx.json",
        "hashed_secret": "14b703e941e97ca4115fbfc7afc9d19920aa9c6c",
        "is_verified": false,
        "line_number": 2174
      },
      {
        "type": "Hex High Entropy String",
        "filename": ".venv/lib/python3.14/site-packages/pydantic_core-2.46.3.dist-info/sboms/pydantic-core.cyclonedx.json",
        "hashed_secret": "df2ac141e942213c743c4aab4ff49c683a97009d",
        "is_verified": false,
        "line_number": 2205
      },
      {
        "type": "Hex High Entropy String",
        "filename": ".venv/lib/python3.14/site-packages/pydantic_core-2.46.3.dist-info/sboms/pydantic-core.cyclonedx.json",
        "hashed_secret": "0d049e862a40c5277177c368c728cb5deffb41ae",
        "is_verified": false,
        "line_number": 2236
      },
      {
        "type": "Hex High Entropy String",
        "filename": ".venv/lib/python3.14/site-packages/pydantic_core-2.46.3.dist-info/sboms/pydantic-core.cyclonedx.json",
        "hashed_secret": "3cf7abf6e2a5256f811356be0f4b4f6911091224",
        "is_verified": false,
        "line_number": 2267
      },
      {
        "type": "Hex High Entropy String",
        "filename": ".venv/lib/python3.14/site-packages/pydantic_core-2.46.3.dist-info/sboms/pydantic-core.cyclonedx.json",
        "hashed_secret": "77bb7d3eb310a43ad2d8088833f44864b759f8a8",
        "is_verified": false,
        "line_number": 2302
      },
      {
        "type": "Hex High Entropy String",
        "filename": ".venv/lib/python3.14/site-packages/pydantic_core-2.46.3.dist-info/sboms/pydantic-core.cyclonedx.json",
        "hashed_secret": "01f5e42685a8b5412917f60af3a23a8f8c29ca3a",
        "is_verified": false,
        "line_number": 2337
      },
      {
        "type": "Hex High Entropy String",
        "filename": ".venv/lib/python3.14/site-packages/pydantic_core-2.46.3.dist-info/sboms/pydantic-core.cyclonedx.json",
        "hashed_secret": "59b1b5d9726d4a3f6928090cdfedfa4f78fed2ed",
        "is_verified": false,
        "line_number": 2372
      },
      {
        "type": "Hex High Entropy String",
        "filename": ".venv/lib/python3.14/site-packages/pydantic_core-2.46.3.dist-info/sboms/pydantic-core.cyclonedx.json",
        "hashed_secret": "7ade8adcbe4aea76201685a1cfeb100d4731232e",
        "is_verified": false,
        "line_number": 2403
      },
      {
        "type": "Hex High Entropy String",
        "filename": ".venv/lib/python3.14/site-packages/pydantic_core-2.46.3.dist-info/sboms/pydantic-core.cyclonedx.json",
        "hashed_secret": "5aed9ad06e6ce6985b61e22e40f813790dafc40c",
        "is_verified": false,
        "line_number": 2434
      },
      {
        "type": "Hex High Entropy String",
        "filename": ".venv/lib/python3.14/site-packages/pydantic_core-2.46.3.dist-info/sboms/pydantic-core.cyclonedx.json",
        "hashed_secret": "7ee5f550a5ea337809d0dc0330f8d5b0debcb764",
        "is_verified": false,
        "line_number": 2469
      },
      {
        "type": "Hex High Entropy String",
        "filename": ".venv/lib/python3.14/site-packages/pydantic_core-2.46.3.dist-info/sboms/pydantic-core.cyclonedx.json",
        "hashed_secret": "c195c9553fdc626b45fe8aad1ef1948cc0c9b686",
        "is_verified": false,
        "line_number": 2500
      },
      {
        "type": "Hex High Entropy String",
        "filename": ".venv/lib/python3.14/site-packages/pydantic_core-2.46.3.dist-info/sboms/pydantic-core.cyclonedx.json",
        "hashed_secret": "0c89c7d3d39cd88a0d76e672cbf0e9bcbcd07d8c",
        "is_verified": false,
        "line_number": 2527
      },
      {
        "type": "Hex High Entropy String",
        "filename": ".venv/lib/python3.14/site-packages/pydantic_core-2.46.3.dist-info/sboms/pydantic-core.cyclonedx.json",
        "hashed_secret": "d8f1d314d800de9172c39e761f105816ae4af3e8",
        "is_verified": false,
        "line_number": 2558
      },
      {
        "type": "Hex High Entropy String",
        "filename": ".venv/lib/python3.14/site-packages/pydantic_core-2.46.3.dist-info/sboms/pydantic-core.cyclonedx.json",
        "hashed_secret": "83663557c1d7ee45b1469cb2dfe898a40484586f",
        "is_verified": false,
        "line_number": 2589
      },
      {
        "type": "Hex High Entropy String",
        "filename": ".venv/lib/python3.14/site-packages/pydantic_core-2.46.3.dist-info/sboms/pydantic-core.cyclonedx.json",
        "hashed_secret": "a0ccf26d3e5e73d1fea4cbd7e882f8a4269b51e6",
        "is_verified": false,
        "line_number": 2624
      },
      {
        "type": "Hex High Entropy String",
        "filename": ".venv/lib/python3.14/site-packages/pydantic_core-2.46.3.dist-info/sboms/pydantic-core.cyclonedx.json",
        "hashed_secret": "3ffb0a6b234caa0574b37c545abdb28fbed8c0fd",
        "is_verified": false,
        "line_number": 2659
      },
      {
        "type": "Hex High Entropy String",
        "filename": ".venv/lib/python3.14/site-packages/pydantic_core-2.46.3.dist-info/sboms/pydantic-core.cyclonedx.json",
        "hashed_secret": "cbd62b2fef0566cbd4adcae3c005b9fb1d23170d",
        "is_verified": false,
        "line_number": 2694
      },
      {
        "type": "Hex High Entropy String",
        "filename": ".venv/lib/python3.14/site-packages/pydantic_core-2.46.3.dist-info/sboms/pydantic-core.cyclonedx.json",
        "hashed_secret": "043893d113935cb33cbf92f529e96cd7fe293c27",
        "is_verified": false,
        "line_number": 2725
      },
      {
        "type": "Hex High Entropy String",
        "filename": ".venv/lib/python3.14/site-packages/pydantic_core-2.46.3.dist-info/sboms/pydantic-core.cyclonedx.json",
        "hashed_secret": "e6acfbc85d1e86ecc4b7e0ba4579fa42fa1aeee8",
        "is_verified": false,
        "line_number": 2756
      },
      {
        "type": "Hex High Entropy String",
        "filename": ".venv/lib/python3.14/site-packages/pydantic_core-2.46.3.dist-info/sboms/pydantic-core.cyclonedx.json",
        "hashed_secret": "9d2191de50cdf3d32cd64f33f196b18b86944cfe",
        "is_verified": false,
        "line_number": 2791
      },
      {
        "type": "Hex High Entropy String",
        "filename": ".venv/lib/python3.14/site-packages/pydantic_core-2.46.3.dist-info/sboms/pydantic-core.cyclonedx.json",
        "hashed_secret": "fec0ea6f5f38ab69df3e3734d59726160ea393ac",
        "is_verified": false,
        "line_number": 2826
      },
      {
        "type": "Hex High Entropy String",
        "filename": ".venv/lib/python3.14/site-packages/pydantic_core-2.46.3.dist-info/sboms/pydantic-core.cyclonedx.json",
        "hashed_secret": "50f60290d65f85fff46b4caedcec9666b0cfce9b",
        "is_verified": false,
        "line_number": 2861
      },
      {
        "type": "Hex High Entropy String",
        "filename": ".venv/lib/python3.14/site-packages/pydantic_core-2.46.3.dist-info/sboms/pydantic-core.cyclonedx.json",
        "hashed_secret": "49c7b7ce0dffb491c192b9ac4cf9f7f6a2f54229",
        "is_verified": false,
        "line_number": 2900
      },
      {
        "type": "Hex High Entropy String",
        "filename": ".venv/lib/python3.14/site-packages/pydantic_core-2.46.3.dist-info/sboms/pydantic-core.cyclonedx.json",
        "hashed_secret": "a04a39572deee1aee93ef57222d436aea968a715",
        "is_verified": false,
        "line_number": 2934
      },
      {
        "type": "Hex High Entropy String",
        "filename": ".venv/lib/python3.14/site-packages/pydantic_core-2.46.3.dist-info/sboms/pydantic-core.cyclonedx.json",
        "hashed_secret": "89b5e83f176d45fad410a716c554ce8f945fff3b",
        "is_verified": false,
        "line_number": 2964
      },
      {
        "type": "Hex High Entropy String",
        "filename": ".venv/lib/python3.14/site-packages/pydantic_core-2.46.3.dist-info/sboms/pydantic-core.cyclonedx.json",
        "hashed_secret": "445795a731a7bcd3f1393e3e65c7c7dc798eb99e",
        "is_verified": false,
        "line_number": 2999
      },
      {
        "type": "Hex High Entropy String",
        "filename": ".venv/lib/python3.14/site-packages/pydantic_core-2.46.3.dist-info/sboms/pydantic-core.cyclonedx.json",
        "hashed_secret": "6dc0131d4935d0e7e484a58845da6ebf6473967f",
        "is_verified": false,
        "line_number": 3026
      },
      {
        "type": "Hex High Entropy String",
        "filename": ".venv/lib/python3.14/site-packages/pydantic_core-2.46.3.dist-info/sboms/pydantic-core.cyclonedx.json",
        "hashed_secret": "e9e48a89031960f6db13334bb45c588785909540",
        "is_verified": false,
        "line_number": 3061
      },
      {
        "type": "Hex High Entropy String",
        "filename": ".venv/lib/python3.14/site-packages/pydantic_core-2.46.3.dist-info/sboms/pydantic-core.cyclonedx.json",
        "hashed_secret": "43d8f188c3731065ca06bb1c9ddb44cc3a731d53",
        "is_verified": false,
        "line_number": 3088
      },
      {
        "type": "Hex High Entropy String",
        "filename": ".venv/lib/python3.14/site-packages/pydantic_core-2.46.3.dist-info/sboms/pydantic-core.cyclonedx.json",
        "hashed_secret": "48873d8defd49238dc589d98a947479c01384efe",
        "is_verified": false,
        "line_number": 3115
      },
      {
        "type": "Hex High Entropy String",
        "filename": ".venv/lib/python3.14/site-packages/pydantic_core-2.46.3.dist-info/sboms/pydantic-core.cyclonedx.json",
        "hashed_secret": "48115ef7768cacdf880511f9e40923c514ac51d6",
        "is_verified": false,
        "line_number": 3142
      },
      {
        "type": "Hex High Entropy String",
        "filename": ".venv/lib/python3.14/site-packages/pydantic_core-2.46.3.dist-info/sboms/pydantic-core.cyclonedx.json",
        "hashed_secret": "50324b29a8e59b5ea7f084d188a0485a74e3fabb",
        "is_verified": false,
        "line_number": 3169
      },
      {
        "type": "Hex High Entropy String",
        "filename": ".venv/lib/python3.14/site-packages/pydantic_core-2.46.3.dist-info/sboms/pydantic-core.cyclonedx.json",
        "hashed_secret": "52117d0f5aa9629b113278be4f83099af7d8eb54",
        "is_verified": false,
        "line_number": 3196
      },
      {
        "type": "Hex High Entropy String",
        "filename": ".venv/lib/python3.14/site-packages/pydantic_core-2.46.3.dist-info/sboms/pydantic-core.cyclonedx.json",
        "hashed_secret": "366f5a4d90d0312cb04fc28f78cd9e3419529256",
        "is_verified": false,
        "line_number": 3223
      },
      {
        "type": "Hex High Entropy String",
        "filename": ".venv/lib/python3.14/site-packages/pydantic_core-2.46.3.dist-info/sboms/pydantic-core.cyclonedx.json",
        "hashed_secret": "079434319fcb7375c0fe11547481335d7c689357",
        "is_verified": false,
        "line_number": 3250
      },
      {
        "type": "Hex High Entropy String",
        "filename": ".venv/lib/python3.14/site-packages/pydantic_core-2.46.3.dist-info/sboms/pydantic-core.cyclonedx.json",
        "hashed_secret": "bed871cccf6381461779f1649c5a291c344c8617",
        "is_verified": false,
        "line_number": 3277
      }
    ],
    ".venv/lib/python3.14/site-packages/pydantic_settings/sources/providers/nested_secrets.py": [
      {
        "type": "Secret Keyword",
        "filename": ".venv/lib/python3.14/site-packages/pydantic_settings/sources/providers/nested_secrets.py",
        "hashed_secret": "7a85f4764bbd6daf1c3545efbbf0f279a6dc0beb",
        "is_verified": false,
        "line_number": 138
      },
      {
        "type": "Secret Keyword",
        "filename": ".venv/lib/python3.14/site-packages/pydantic_settings/sources/providers/nested_secrets.py",
        "hashed_secret": "4c8ea4760fcb5dff8ec1af0394a338be9df55090",
        "is_verified": false,
        "line_number": 140
      },
      {
        "type": "Secret Keyword",
        "filename": ".venv/lib/python3.14/site-packages/pydantic_settings/sources/providers/nested_secrets.py",
        "hashed_secret": "11f9578d05e6f7bb58a3cdd00107e9f4e3882671",
        "is_verified": false,
        "line_number": 142
      }
    ],
    ".venv/lib/python3.14/site-packages/pygments/lexers/_cocoa_builtins.py": [
      {
        "type": "Base64 High Entropy String",
        "filename": ".venv/lib/python3.14/site-packages/pygments/lexers/_cocoa_builtins.py",
        "hashed_secret": "d42bda5de6790d8696ff1e43db8babaaecfbdb5a",
        "is_verified": false,
        "line_number": 14
      }
    ],
    ".venv/lib/python3.14/site-packages/pyjwt-2.12.1.dist-info/METADATA": [
      {
        "type": "JSON Web Token",
        "filename": ".venv/lib/python3.14/site-packages/pyjwt-2.12.1.dist-info/METADATA",
        "hashed_secret": "f3a4a81581cc10427282175d71d2f6f01cc1c1be",
        "is_verified": false,
        "line_number": 91
      }
    ],
    ".venv/lib/python3.14/site-packages/urllib3/util/url.py": [
      {
        "type": "Basic Auth Credentials",
        "filename": ".venv/lib/python3.14/site-packages/urllib3/util/url.py",
        "hashed_secret": "5baa61e4c9b93f3f0682250b6cf8331b7ee68fd8",
        "is_verified": false,
        "line_number": 186
      }
    ]
  },
  "generated_at": "2026-04-27T09:36:33Z"
}
